###############################################################################
#
# IAR ELF Linker V8.22.2.15995/W32 for ARM                30/Apr/2018  17:19:14
# Copyright 2007-2018 IAR Systems AB.
#
#    Output file  =  
#        C:\personal\bee_scale\bee_scale_iar\Debug\Exe\bee_scale.out
#    Map file     =  
#        C:\personal\bee_scale\bee_scale_iar\Debug\List\bee_scale.map
#    Command line =  
#        -f C:\Users\nxa17200\AppData\Local\Temp\1\EWC3B1.tmp
#        (C:\personal\bee_scale\bee_scale_iar\Debug\Obj\gpio.o
#        C:\personal\bee_scale\bee_scale_iar\Debug\Obj\main.o
#        C:\personal\bee_scale\bee_scale_iar\Debug\Obj\sysctl.o -o
#        C:\personal\bee_scale\bee_scale_iar\Debug\Exe\bee_scale.out --redirect
#        _Printf=_PrintfFullNoMb --redirect _Scanf=_ScanfFullNoMb --map
#        C:\personal\bee_scale\bee_scale_iar\Debug\List\bee_scale.map --config
#        C:\tools\iar_8222\arm\config\linker\TexasInstruments\LM4F120H5QR.icf
#        --semihosting --entry __iar_program_start --vfe --text_out locale)
#
###############################################################################

*******************************************************************************
*** RUNTIME MODEL ATTRIBUTES
***

CppFlavor       = *
__SystemLibrary = DLib
__dlib_version  = 6


*******************************************************************************
*** HEAP SELECTION
***

The basic heap was selected because no calls to memory allocation
functions were found in the application outside of system library
functions, and there are calls to deallocation functions in the
application.


*******************************************************************************
*** PLACEMENT SUMMARY
***

"A0":  place at 0x00000000 { ro section .intvec };
"P1":  place in [from 0x00000000 to 0x0003ffff] { ro };
define block CSTACK with size = 2K, alignment = 8 { };
define block HEAP with size = 8K, alignment = 8 { };
"P2":  place in [from 0x20000000 to 0x20007fff] {
          rw, block CSTACK, block HEAP };

No sections matched the following patterns:

  rw  in "P2"


  Section   Kind        Address   Size  Object
  -------   ----        -------   ----  ------
"A0":                             0x40
  .intvec   ro code  0x00000000   0x40  vector_table_M.o [5]
                   - 0x00000040   0x40

"P1":                            0x514
  .text     ro code  0x00000040  0x208  sysctl.o [1]
  .text     ro code  0x00000248  0x1ea  gpio.o [1]
  .text     ro code  0x00000432    0x2  vector_table_M.o [5]
  .text     ro code  0x00000434   0x9c  main.o [1]
  .text     ro code  0x000004d0   0x22  fpinit_M.o [4]
  .text     ro code  0x000004f4   0x1e  cmain.o [5]
  .text     ro code  0x00000512    0x4  low_level_init.o [3]
  .text     ro code  0x00000516    0x4  exit.o [3]
  .text     ro code  0x0000051c    0xa  cexit.o [5]
  .text     ro code  0x00000528   0x14  exit.o [6]
  .rodata   const    0x0000053c    0xc  sysctl.o [1]
  .text     ro code  0x00000548    0xc  cstartup_M.o [5]
                   - 0x00000554  0x514

"P2":                            0x800
  CSTACK             0x20000000  0x800  <Block>
    CSTACK  uninit   0x20000000  0x800  <Block tail>
                   - 0x20000800  0x800



*******************************************************************************
*** MODULE SUMMARY
***

    Module            ro code  ro data  rw data
    ------            -------  -------  -------
C:\personal\bee_scale\bee_scale_iar\Debug\Obj: [1]
    gpio.o                490
    main.o                156
    sysctl.o              520       12
    -------------------------------------------
    Total:              1 166       12

command line: [2]
    -------------------------------------------
    Total:

dl7M_tln.a: [3]
    exit.o                  4
    low_level_init.o        4
    -------------------------------------------
    Total:                  8

m7M_tls.a: [4]
    fpinit_M.o             34
    -------------------------------------------
    Total:                 34

rt7M_tl.a: [5]
    cexit.o                10
    cmain.o                30
    cstartup_M.o           12
    vector_table_M.o       66
    -------------------------------------------
    Total:                118

shb_l.a: [6]
    exit.o                 20
    -------------------------------------------
    Total:                 20

    Gaps                    6
    Linker created                        2 048
-----------------------------------------------
    Grand Total:        1 352       12    2 048


*******************************************************************************
*** ENTRY LIST
***

Entry                      Address   Size  Type      Object
-----                      -------   ----  ----      ------
?main                   0x000004f5         Code  Gb  cmain.o [5]
CSTACK$$Base            0x20000000          --   Gb  - Linker created -
CSTACK$$Limit           0x20000800          --   Gb  - Linker created -
GPIODirModeSet          0x00000249   0x4e  Code  Gb  gpio.o [1]
GPIOPadConfigSet        0x00000297  0x158  Code  Gb  gpio.o [1]
GPIOPinTypeGPIOInput    0x000003ef   0x22  Code  Gb  gpio.o [1]
GPIOPinTypeGPIOOutput   0x00000411   0x22  Code  Gb  gpio.o [1]
Region$$Table$$Base     0x00000000          --   Gb  - Linker created -
Region$$Table$$Limit    0x00000000          --   Gb  - Linker created -
SysCtlClockSet          0x0000009d  0x178  Code  Gb  sysctl.o [1]
SysCtlDelay             0x00000095    0x8  Code  Gb  sysctl.o [1]
SysCtlPeripheralEnable  0x00000041   0x52  Code  Gb  sysctl.o [1]
__cmain                 0x000004f5         Code  Gb  cmain.o [5]
__exit                  0x00000529   0x14  Code  Gb  exit.o [6]
__iar_init_vfp          0x000004d1         Code  Gb  fpinit_M.o [4]
__iar_program_start     0x00000549         Code  Gb  cstartup_M.o [5]
__iar_systems$$module {Abs}
                        0x00000001         Data  Gb  command line/config [2]
__low_level_init        0x00000513    0x4  Code  Gb  low_level_init.o [3]
__vector_table          0x00000000         Data  Gb  vector_table_M.o [5]
_call_main              0x00000501         Code  Gb  cmain.o [5]
_exit                   0x0000051d         Code  Gb  cexit.o [5]
_main                   0x0000050f         Code  Gb  cmain.o [5]
exit                    0x00000517    0x4  Code  Gb  exit.o [3]
g_pulRCGCRegs           0x0000053c    0xc  Data  Lc  sysctl.o [1]
main                    0x00000435   0x9c  Code  Gb  main.o [1]


[1] = C:\personal\bee_scale\bee_scale_iar\Debug\Obj
[2] = command line
[3] = dl7M_tln.a
[4] = m7M_tls.a
[5] = rt7M_tl.a
[6] = shb_l.a

  1 352 bytes of readonly  code memory
     12 bytes of readonly  data memory
  2 048 bytes of readwrite data memory

Errors: none
Warnings: none
